[2026-09-16 01:50:35] [LOGIN] User logged in: admin@library.com (ADMIN)
[2026-09-16 01:50:35] [ADD_BOOK] Added book: Clean Architecture (ID: 5)
[2026-09-16 01:50:35] [LOGIN] User logged in: rahul@student.edu (MEMBER)
[2026-09-16 01:50:35] [ISSUE_BOOK] Book ID 5 issued to Member ID 2 (Due: 2026-09-30)
[2026-09-16 01:50:35] [RETURN_BOOK] Book ID 5 returned by Member ID 2. Fine: Rs. 0.0
[2026-09-16 22:09:39] [REGISTER] Registered new member: Ishan (ID: 4)
[2026-09-16 22:09:49] [LOGIN] User logged in: abc@gmail.com (MEMBER)
[2026-09-16 22:10:37] [ISSUE_BOOK] Book ID 2 issued to Member ID 4 (Due: 2026-09-30)
[2026-09-16 22:10:46] [RETURN_BOOK] Book ID 2 returned by Member ID 4. Fine: Rs. 0.0
[2026-09-16 22:22:27] [main] [LOGIN] User logged in: admin@library.com (ADMIN)
[2026-09-16 22:22:39] [main] [REGISTER] Registered member: Sneha Gupta (ID: 5)
[2026-09-16 22:22:39] [main] [LOGIN] User logged in: sneha@college.edu (MEMBER)
[2026-09-16 22:22:46] [main] [LOGIN] User logged in: sneha@college.edu (MEMBER)
[2026-09-16 22:22:46] [main] [ISSUE_BOOK] Book ID #1 ("Core Java Volume I") issued to Member ID #5 (Due: 2026-09-30)
[2026-09-16 22:22:46] [main] [RETURN_BOOK] Book ID #1 returned by Member ID #5. Fine assessed: Rs. 0.00
[2026-09-16 22:26:58] [main] [LOGIN] User logged in: abc@gmail.com (MEMBER)
[2026-09-16 22:32:12] [main] [REGISTER] Registered member: Ash Ketchum (ID: 6)
[2026-09-16 22:32:29] [main] [LOGIN] User logged in: ashketchum@gmail.com (MEMBER)
[2026-09-16 22:33:21] [main] [ISSUE_BOOK] Book ID #1 ("Core Java Volume I") issued to Member ID #6 (Due: 2026-09-30)
[2026-09-16 22:33:29] [main] [RETURN_BOOK] Book ID #1 returned by Member ID #6. Fine assessed: Rs. 0.00
[2026-09-17 02:13:44] [main] [LOGIN] User logged in: abc@gmail.com (MEMBER)
[2026-09-17 02:13:57] [main] [ISSUE_BOOK] Book ID #1 ("Core Java Volume I") issued to Member ID #4 (Due: 2026-10-01)
